asttokens==3.0.2
click==8.5.0
coverage==7.16.2
executing==2.2.1
iniconfig==2.3.1
ipython==9.17.1
ipython_pygments_lexers==1.1.1
jedi==0.20.0
matplotlib-inline==0.2.2
packaging==26.3
parso==0.8.7
pexpect==4.9.0
pluggy==1.6.0
prompt_toolkit==3.0.53
psutil==7.2.2
ptyprocess==0.7.0
pure_eval==0.2.4
Pygments==2.21.0
pytest==9.1.1
pytest-cov==7.1.0
-e git+https://github.com/theskumar/python-dotenv.git@004b454e37f415ed7828ed4c9426816d8c1b608f#egg=python_dotenv
stack-data==0.6.3
traitlets==5.16.1
wcwidth==0.9.2
