Processing ./.
  Installing build dependencies: started
  Installing build dependencies: finished with status 'done'
  Getting requirements to build wheel: started
  Getting requirements to build wheel: finished with status 'done'
  Preparing metadata (pyproject.toml): started
  Preparing metadata (pyproject.toml): finished with status 'done'
Collecting pytest
  Using cached pytest-9.1.1-py3-none-any.whl.metadata (7.6 kB)
Collecting pytest-cov
  Using cached pytest_cov-7.1.0-py3-none-any.whl.metadata (32 kB)
Collecting pytest-timeout
  Using cached pytest_timeout-2.4.0-py3-none-any.whl.metadata (20 kB)
Collecting pytest-asyncio
  Using cached pytest_asyncio-1.4.0-py3-none-any.whl.metadata (4.1 kB)
Collecting iniconfig>=1.0.1 (from pytest)
  Using cached iniconfig-2.3.1-py3-none-any.whl.metadata (2.8 kB)
Collecting packaging>=22 (from pytest)
  Using cached packaging-26.3-py3-none-any.whl.metadata (3.5 kB)
Collecting pluggy<2,>=1.5 (from pytest)
  Using cached pluggy-1.6.0-py3-none-any.whl.metadata (4.8 kB)
Collecting pygments>=2.7.2 (from pytest)
  Using cached pygments-2.21.0-py3-none-any.whl.metadata (2.5 kB)
Collecting coverage>=7.10.6 (from coverage[toml]>=7.10.6->pytest-cov)
  Downloading coverage-7.16.2-cp314-cp314-macosx_11_0_arm64.whl.metadata (8.2 kB)
Using cached pytest-9.1.1-py3-none-any.whl (386 kB)
Using cached pluggy-1.6.0-py3-none-any.whl (20 kB)
Using cached pytest_cov-7.1.0-py3-none-any.whl (22 kB)
Using cached pytest_timeout-2.4.0-py3-none-any.whl (14 kB)
Using cached pytest_asyncio-1.4.0-py3-none-any.whl (16 kB)
Downloading coverage-7.16.2-cp314-cp314-macosx_11_0_arm64.whl (224 kB)
Using cached iniconfig-2.3.1-py3-none-any.whl (7.6 kB)
Using cached packaging-26.3-py3-none-any.whl (129 kB)
Using cached pygments-2.21.0-py3-none-any.whl (1.3 MB)
Building wheels for collected packages: tqdm
  Building wheel for tqdm (pyproject.toml): started
  Building wheel for tqdm (pyproject.toml): finished with status 'done'
  Created wheel for tqdm: filename=tqdm-0.1.dev1+g24b9e1e08-py3-none-any.whl size=80383 sha256=216e3a63eebf3b3ef0675cb8a495f1c9c44534788b8a7e43c5af90d496b669dc
  Stored in directory: /private/var/folders/58/pj_81qw13l59j103s0njbw1c0000gn/T/pip-ephem-wheel-cache-bdp_cv21/wheels/de/50/16/46c7e8786ffb052e04d67a62463552768814b3df323da382cd
Successfully built tqdm
Installing collected packages: tqdm, pygments, pluggy, packaging, iniconfig, coverage, pytest, pytest-timeout, pytest-cov, pytest-asyncio

Successfully installed coverage-7.16.2 iniconfig-2.3.1 packaging-26.3 pluggy-1.6.0 pygments-2.21.0 pytest-9.1.1 pytest-asyncio-1.4.0 pytest-cov-7.1.0 pytest-timeout-2.4.0 tqdm-0.1.dev1+g24b9e1e08
